Modules list:
-------------
tennis.o:
    CODE              Offs=000000  Size=0000FB  Align=00001  Fill=0000
    BSS               Offs=000000  Size=000001  Align=00001  Fill=0000
sprite.o:
    CODE              Offs=0000FB  Size=000751  Align=00001  Fill=0000
player.o:
    CODE              Offs=00084C  Size=0000DB  Align=00001  Fill=0000
    BSS               Offs=000001  Size=000004  Align=00001  Fill=0000
bot.o:
    CODE              Offs=000927  Size=0000FA  Align=00001  Fill=0000
    BSS               Offs=000005  Size=000006  Align=00001  Fill=0000
score.o:
    CODE              Offs=000A21  Size=0000B6  Align=00001  Fill=0000
    BSS               Offs=00000B  Size=000002  Align=00001  Fill=0000
ball.o:
    CODE              Offs=000AD7  Size=000115  Align=00001  Fill=0000
    BSS               Offs=00000D  Size=00000C  Align=00001  Fill=0000
collision.o:
    CODE              Offs=000BEC  Size=00033A  Align=00001  Fill=0000
    BSS               Offs=000019  Size=00000F  Align=00001  Fill=0000
math.o:
    CODE              Offs=000F26  Size=000147  Align=00001  Fill=0000
    BSS               Offs=000028  Size=00000D  Align=00001  Fill=0000


Segment list:
-------------
Name                   Start     End    Size  Align
----------------------------------------------------
BSS                   000400  000434  000035  00001
CODE                  0007FF  00186B  00106D  00001


Exports list by name:
---------------------
ball_init                 001371 RLA    ball_pos_x                00040D RLA    
ball_pos_y                000410 RLA    ball_reset                0013C9 RLA    
ball_update               0012D6 RLA    ball_vel_x                000413 RLA    
ball_vel_y                000416 RLA    bot_init                  0011C6 RLA    
bot_pos_x                 000405 RLA    bot_pos_y                 000407 RLA    
bot_update                001126 RLA    collision_bot             0016DC RLA    
collision_bottom          001716 RLA    collision_compare_pos_x   0014A1 RLA    
collision_left_barrier    001425 RLA    collision_left_corner     00151F RLA    
collision_left_wall       0013EB RLA    collision_player          0016A2 RLA    
collision_right_barrier   00144E RLA    collision_right_corner    001554 RLA    
collision_right_wall      0013FF RLA    collision_top_barrier     001477 RLA    
collision_top_wall        001412 RLA    math_abs                  001765 RLA    
math_cmp_with_mult        00176A RLA    math_divide               001819 RLA    
math_double               001778 RLA    math_increase             001782 RLA    
math_load_from_div        001743 RLA    math_load_from_mult       001739 RLA    
math_multiply             0017A2 RLA    math_multiply_add         0017AB RLA    
math_negate               001751 RLA    math_store_to_arg0        001725 RLA    
math_store_to_arg1        00172F RLA    player_init               0010CC RLA    
player_pos_x              000401 RLA    player_pos_y              000403 RLA    
player_update             00104B RLA    score_decrement_bot       001230 RLA    
score_decrement_player    001220 RLA    score_init                001258 RLA    
sprite_init               0008FA RLA    


Exports list by value:
----------------------
player_pos_x              000401 RLA    player_pos_y              000403 RLA    
bot_pos_x                 000405 RLA    bot_pos_y                 000407 RLA    
ball_pos_x                00040D RLA    ball_pos_y                000410 RLA    
ball_vel_x                000413 RLA    ball_vel_y                000416 RLA    
sprite_init               0008FA RLA    player_update             00104B RLA    
player_init               0010CC RLA    bot_update                001126 RLA    
bot_init                  0011C6 RLA    score_decrement_player    001220 RLA    
score_decrement_bot       001230 RLA    score_init                001258 RLA    
ball_update               0012D6 RLA    ball_init                 001371 RLA    
ball_reset                0013C9 RLA    collision_left_wall       0013EB RLA    
collision_right_wall      0013FF RLA    collision_top_wall        001412 RLA    
collision_left_barrier    001425 RLA    collision_right_barrier   00144E RLA    
collision_top_barrier     001477 RLA    collision_compare_pos_x   0014A1 RLA    
collision_left_corner     00151F RLA    collision_right_corner    001554 RLA    
collision_player          0016A2 RLA    collision_bot             0016DC RLA    
collision_bottom          001716 RLA    math_store_to_arg0        001725 RLA    
math_store_to_arg1        00172F RLA    math_load_from_mult       001739 RLA    
math_load_from_div        001743 RLA    math_negate               001751 RLA    
math_abs                  001765 RLA    math_cmp_with_mult        00176A RLA    
math_double               001778 RLA    math_increase             001782 RLA    
math_multiply             0017A2 RLA    math_multiply_add         0017AB RLA    
math_divide               001819 RLA    


Imports list:
-------------
ball_init (ball.o):
    tennis.o                  tennis.s(16)
ball_pos_x (ball.o):
    collision.o               collision.s(39)
    bot.o                     bot.s(12)
ball_pos_y (ball.o):
    collision.o               collision.s(40)
ball_reset (ball.o):
    collision.o               collision.s(33)
    tennis.o                  tennis.s(18)
ball_update (ball.o):
    tennis.o                  tennis.s(17)
ball_vel_x (ball.o):
    collision.o               collision.s(41)
ball_vel_y (ball.o):
    collision.o               collision.s(42)
bot_init (bot.o):
    tennis.o                  tennis.s(11)
bot_pos_x (bot.o):
    collision.o               collision.s(37)
bot_pos_y (bot.o):
    collision.o               collision.s(38)
bot_update (bot.o):
    tennis.o                  tennis.s(12)
collision_bot (collision.o):
    ball.o                    ball.s(24)
collision_bottom (collision.o):
    tennis.o                  tennis.s(19)
collision_compare_pos_x (collision.o):
    tennis.o                  tennis.s(20)
collision_left_barrier (collision.o):
    ball.o                    ball.s(18)
collision_left_corner (collision.o):
    ball.o                    ball.s(21)
collision_left_wall (collision.o):
    ball.o                    ball.s(15)
collision_player (collision.o):
    ball.o                    ball.s(23)
collision_right_barrier (collision.o):
    ball.o                    ball.s(19)
collision_right_corner (collision.o):
    ball.o                    ball.s(22)
collision_right_wall (collision.o):
    ball.o                    ball.s(16)
collision_top_barrier (collision.o):
    ball.o                    ball.s(20)
collision_top_wall (collision.o):
    ball.o                    ball.s(17)
math_abs (math.o):
    collision.o               collision.s(29)
math_cmp_with_mult (math.o):
    collision.o               collision.s(27)
math_divide (math.o):
    collision.o               collision.s(24)
math_double (math.o):
    collision.o               collision.s(30)
math_increase (math.o):
    collision.o               collision.s(31)
math_load_from_div (math.o):
    collision.o               collision.s(26)
math_load_from_mult (math.o):
    collision.o               collision.s(25)
math_multiply (math.o):
    collision.o               collision.s(22)
math_multiply_add (math.o):
    collision.o               collision.s(23)
math_negate (math.o):
    collision.o               collision.s(28)
math_store_to_arg0 (math.o):
    collision.o               collision.s(20)
math_store_to_arg1 (math.o):
    collision.o               collision.s(21)
player_init (player.o):
    tennis.o                  tennis.s(9)
player_pos_x (player.o):
    collision.o               collision.s(35)
player_pos_y (player.o):
    collision.o               collision.s(36)
player_update (player.o):
    tennis.o                  tennis.s(10)
score_decrement_bot (score.o):
    tennis.o                  tennis.s(15)
score_decrement_player (score.o):
    tennis.o                  tennis.s(14)
score_init (score.o):
    tennis.o                  tennis.s(13)
sprite_init (sprite.o):
    tennis.o                  tennis.s(8)

